// Jest Snapshot v1, https://goo.gl/fbAQLP

exports[`User Template has the correct resources 1`] = `
Object {
  "Outputs": Object {
    "UserSecretArn35117ED6": Object {
      "Export": Object {
        "Name": "User",
      },
      "Value": Object {
        "Ref": "UserUserSecret4251AFB1",
      },
    },
  },
  "Parameters": Object {
    "BootstrapVersion": Object {
      "Default": "/cdk-bootstrap/hnb659fds/version",
      "Description": "Version of the CDK Bootstrap resources in this environment, automatically retrieved from SSM Parameter Store. [cdk:skip]",
      "Type": "AWS::SSM::Parameter::Value<String>",
    },
  },
  "Resources": Object {
    "UserAccessKeyCB7DC9A9": Object {
      "Properties": Object {
        "UserName": Object {
          "Ref": "UserFDDCDD17",
        },
      },
      "Type": "AWS::IAM::AccessKey",
    },
    "UserFDDCDD17": Object {
      "Properties": Object {
        "UserName": "iamUserWithAccessKeyUsername",
      },
      "Type": "AWS::IAM::User",
    },
    "UserUserSecret4251AFB1": Object {
      "DeletionPolicy": "Delete",
      "Properties": Object {
        "GenerateSecretString": Object {
          "Ref": "AWS::NoValue",
        },
        "SecretString": Object {
          "Fn::Join": Array [
            "",
            Array [
              "{\\"Access_Key_Id\\":\\"",
              Object {
                "Ref": "UserAccessKeyCB7DC9A9",
              },
              "\\",\\"Secret_Access_Key\\":\\"",
              Object {
                "Fn::GetAtt": Array [
                  "UserAccessKeyCB7DC9A9",
                  "SecretAccessKey",
                ],
              },
              "\\"}",
            ],
          ],
        },
      },
      "Type": "AWS::SecretsManager::Secret",
      "UpdateReplacePolicy": "Delete",
    },
  },
  "Rules": Object {
    "CheckBootstrapVersion": Object {
      "Assertions": Array [
        Object {
          "Assert": Object {
            "Fn::Not": Array [
              Object {
                "Fn::Contains": Array [
                  Array [
                    "1",
                    "2",
                    "3",
                    "4",
                    "5",
                  ],
                  Object {
                    "Ref": "BootstrapVersion",
                  },
                ],
              },
            ],
          },
          "AssertDescription": "CDK bootstrap stack version 6 required. Please run 'cdk bootstrap' with a recent version of the CDK CLI.",
        },
      ],
    },
  },
}
`;
